]0;~/Documents/Projects/Data Science/github.io.data-science[?1034hShelbys-MacBook-Air:github.io.data-science brandondey$ pwd
/Users/brandondey/Documents/Projects/Data Science/github.io.data-science
]0;~/Documents/Projects/Data Science/github.io.data-scienceShelbys-MacBook-Air:github.io.data-science brandondey$ git init
Initialized empty Git repository in /Users/brandondey/Documents/Projects/Data Science/github.io.data-science/.git/
]0;~/Documents/Projects/Data Science/github.io.data-scienceShelbys-MacBook-Air:github.io.data-science brandondey$ git push[K[K[K[Kadd .
]0;~/Documents/Projects/Data Science/github.io.data-scienceShelbys-MacBook-Air:github.io.data-science brandondey$ git [K[K[K[Kgit commit -m '[K"initial commit"
[master (root-commit) fdf8f49] initial commit
 23 files changed, 550 insertions(+)
 create mode 100644 .DS_Store
 create mode 100644 .Rproj.user/6E694026/console06/B746EBDC
 create mode 100644 .Rproj.user/6E694026/console06/B746EBDC.env
 create mode 100644 .Rproj.user/6E694026/console06/INDEX001
 create mode 100644 .Rproj.user/6E694026/sources/prop/3135BC67
 create mode 100644 .Rproj.user/6E694026/sources/prop/8FBC2FFA
 create mode 100644 .Rproj.user/6E694026/sources/prop/INDEX
 create mode 100644 .Rproj.user/6E694026/sources/s-107955CF/B76D0F83-contents
 create mode 100644 .Rproj.user/6E694026/sources/s-107955CF/D7D1C193
 create mode 100644 .Rproj.user/6E694026/sources/s-107955CF/D7D1C193-contents
 create mode 100644 .Rproj.user/6E694026/sources/s-107955CF/lock_file
 create mode 100644 .Rproj.user/shared/notebooks/C41FE875-ds/1/s/chunks.json
 create mode 100644 .Rproj.user/shared/notebooks/patch-chunk-names
 create mode 100644 .Rproj.user/shared/notebooks/paths
 create mode 100644 README.md
 create mode 100644 _site.yml
 create mode 100644 css/.DS_Store
 create mode 100644 css/fonts/.DS_Store
 create mode 100644 css/fonts/SCRIPTIN.ttf
 create mode 100644 css/style.css
 create mode 100644 ds.Rmd
 create mode 100644 ds.html
 create mode 100644 github.io.data-science.Rproj
]0;~/Documents/Projects/Data Science/github.io.data-scienceShelbys-MacBook-Air:github.io.data-science brandondey$ git push - u[K[Ku origin master
fatal: 'origin' does not appear to be a git repository
fatal: Could not read from remote repository.

Please make sure you have the correct access rights
and the repository exists.
]0;~/Documents/Projects/Data Science/github.io.data-scienceShelbys-MacBook-Air:github.io.data-science brandondey$ git init https://github.com/brandondey/github.io.d ata-science.git
Initialized empty Git repository in /Users/brandondey/Documents/Projects/Data Science/github.io.data-science/https:/github.com/brandondey/github.io.data-science.git/.git/
]0;~/Documents/Projects/Data Science/github.io.data-scienceShelbys-MacBook-Air:github.io.data-science brandondey$ git add .
]0;~/Documents/Projects/Data Science/github.io.data-scienceShelbys-MacBook-Air:github.io.data-science brandondey$ git commit -m "initial commit"
[master 5f13536] initial commit
 1 file changed, 35 insertions(+)
]0;~/Documents/Projects/Data Science/github.io.data-scienceShelbys-MacBook-Air:github.io.data-science brandondey$ git push -u origin master
fatal: 'origin' does not appear to be a git repository
fatal: Could not read from remote repository.

Please make sure you have the correct access rights
and the repository exists.
]0;~/Documents/Projects/Data Science/github.io.data-scienceShelbys-MacBook-Air:github.io.data-science brandondey$ git remote add origin https://github.com/brandonde y/github.io.data-science.git
]0;~/Documents/Projects/Data Science/github.io.data-scienceShelbys-MacBook-Air:github.io.data-science brandondey$ git push -u origin master
To https://github.com/brandondey/github.io.data-science.git
 ! [rejected]        master -> master (fetch first)
error: failed to push some refs to 'https://github.com/brandondey/github.io.data-science.git'
hint: Updates were rejected because the remote contains work that you do
hint: not have locally. This is usually caused by another repository pushing
hint: to the same ref. You may want to first integrate the remote changes
hint: (e.g., 'git pull ...') before pushing again.
hint: See the 'Note about fast-forwards' in 'git push --help' for details.
]0;~/Documents/Projects/Data Science/github.io.data-scienceShelbys-MacBook-Air:github.io.data-science brandondey$ git pull
warning: no common commits
remote: Counting objects: 3, done.[K
remote: Compressing objects:  50% (1/2)   [Kremote: Compressing objects: 100% (2/2)   [Kremote: Compressing objects: 100% (2/2), done.[K
remote: Total 3 (delta 0), reused 0 (delta 0), pack-reused 0[K
Unpacking objects:  33% (1/3)   Unpacking objects:  66% (2/3)   Unpacking objects: 100% (3/3)   Unpacking objects: 100% (3/3), done.
From https://github.com/brandondey/github.io.data-science
 * [new branch]      master     -> origin/master
There is no tracking information for the current branch.
Please specify which branch you want to merge with.
See git-pull(1) for details.

    git pull <remote> <branch>

If you wish to set tracking information for this branch you can do so with:

    git branch --set-upstream-to=origin/<branch> master

]0;~/Documents/Projects/Data Science/github.io.data-scienceShelbys-MacBook-Air:github.io.data-science brandondey$ git pullsh -u origin master
To https://github.com/brandondey/github.io.data-science.git
 ! [rejected]        master -> master (non-fast-forward)
error: failed to push some refs to 'https://github.com/brandondey/github.io.data-science.git'
hint: Updates were rejected because the tip of your current branch is behind
hint: its remote counterpart. Integrate the remote changes (e.g.
hint: 'git pull ...') before pushing again.
hint: See the 'Note about fast-forwards' in 'git push --help' for details.
]0;~/Documents/Projects/Data Science/github.io.data-scienceShelbys-MacBook-Air:github.io.data-science brandondey$ git push -u origin masterll[Ksh -u origin masterremote add origin https://github.com/brandondeyy/github.io.data-science.git
fatal: remote origin already exists.
]0;~/Documents/Projects/Data Science/github.io.data-scienceShelbys-MacBook-Air:github.io.data-science brandondey$ git remote add origin https://github.com/brandondeyy/github.io.data-science.git[A[C[C[C[C[C[C[C[C[C[C[C[C[C[C[C[C[C[C[C[C[C[C[C[C[C[C[C[C[C[C[C[25Ppush -u origin master
[K[A[C[C[C[C[C[C[C[C[C[C[C[C[C[C[C[C[C[C[C[C[C[C[C[C[C[C[C[C[C[C[C[C[C[C[C[C[C[C[C[C[C[C[C[C[C[C[C[C[C[C[C[C[C[C[C[C[C[C[C[C[C[C[C[C[C[C[C[C[C[C[C[C[C[C[C[C[C[C[C[C[K[K[K[K[K[K[K[K[K[K[K[K[K[K[K[K[K[K[K[K[K[Ka[K add .
]0;~/Documents/Projects/Data Science/github.io.data-scienceShelbys-MacBook-Air:github.io.data-science brandondey$ gi [Kt commit -m "initial commit"
[master 5c3433e] initial commit
 3 files changed, 102 insertions(+)
 create mode 100644 .Rproj.user/6E694026/sources/s-107955CF/428B6B63
 create mode 100644 .Rproj.user/6E694026/sources/s-107955CF/428B6B63-contents
]0;~/Documents/Projects/Data Science/github.io.data-scienceShelbys-MacBook-Air:github.io.data-science brandondey$ git puh[Ksh -u origin master
To https://github.com/brandondey/github.io.data-science.git
 ! [rejected]        master -> master (non-fast-forward)
error: failed to push some refs to 'https://github.com/brandondey/github.io.data-science.git'
hint: Updates were rejected because the tip of your current branch is behind
hint: its remote counterpart. Integrate the remote changes (e.g.
hint: 'git pull ...') before pushing again.
hint: See the 'Note about fast-forwards' in 'git push --help' for details.
]0;~/Documents/Projects/Data Science/github.io.data-scienceShelbys-MacBook-Air:github.io.data-science brandondey$ i[Kgit u[Kpull
There is no tracking information for the current branch.
Please specify which branch you want to merge with.
See git-pull(1) for details.

    git pull <remote> <branch>

If you wish to set tracking information for this branch you can do so with:

    git branch --set-upstream-to=origin/<branch> master

]0;~/Documents/Projects/Data Science/github.io.data-scienceShelbys-MacBook-Air:github.io.data-science brandondey$ git branch --set-upstream-to=origin/<branch> maste r
bash: branch: No such file or directory
]0;~/Documents/Projects/Data Science/github.io.data-scienceShelbys-MacBook-Air:github.io.data-science brandondey$ git branch --set-upstream-to=origin/<branch> masterr[A[C[C[C[C[C[C[C[C[C[C[C[C[C[C[C[C[C[C[C[C[C[C[C[C[C[C[C[C[C[C[C[C[C[C[C[C[C[C[C[C[C[C[C[C[C[C[C[C[C[C[C[C[C[C[C[C[C[C[C[C[C[C[C[C[C[C[C[C[C[C[C[C[C[C[C[C[C[C[C[C[C[C[C[C[C[C[C[C[C[C[C[C[C[C[C[C[C[C[C[C[C[C[C[C[C[C[C[C[C[C[C master [K[A[C[C[C[C[C[C[C[C[C[C[C[C[C[C[C[C[C[C[C[C[C[C[C[C[C[C[C[C[C[C[C[C[C[C[C[C[C[C[C[C[C[C[C[C[C[C[C[C[C[C[C[C[C[C[C[C[C[C[C[C[C[C[C[C[C[C[C[C[C[C[C[C[C[C[C[C[C[C[C[C[C[C[C[C[C[C[C[C[C[C[C[C[C[C[C[C[C[C[1P master
[K[A[C[C[C[C[C[C[C[C[C[C[C[C[C[C[C[C[C[C[C[C[C[C[C[C[C[C[C[C[C[C[C[C[C[C[C[C[C[C[C[C[C[C[C[C[C[C[C[C[C[C[C[C[C[C[C[C[C[C[C[C[C[C[C[C[C[C[C[C[C[C[C[C[C[C[C[C[C[C[C[C[C[C[C[C[C[C[C[C[C[C[C[C[C[C[C[C[C[1P master[1P master[1P master[1P master[1P master[1P master
error: the requested upstream branch 'origin/' does not exist
hint: 
hint: If you are planning on basing your work on an upstream
hint: branch that already exists at the remote, you may need to
hint: run "git fetch" to retrieve it.
hint: 
hint: If you are planning to push out a new local branch that
hint: will track its remote counterpart, you may want to use
hint: "git push -u" to set the upstream config as you push.
]0;~/Documents/Projects/Data Science/github.io.data-scienceShelbys-MacBook-Air:github.io.data-science brandondey$ git pull as[K[Kmaster o[K[K[K[K[K[K[K[Korigin master
From https://github.com/brandondey/github.io.data-science
 * branch            master     -> FETCH_HEAD
fatal: refusing to merge unrelated histories
]0;~/Documents/Projects/Data Science/github.io.data-scienceShelbys-MacBook-Air:github.io.data-science brandondey$ git pull
remote: Counting objects: 2, done.[K
remote: Total 2 (delta 0), reused 0 (delta 0), pack-reused 0[K
Unpacking objects:  50% (1/2)   Unpacking objects: 100% (2/2)   Unpacking objects: 100% (2/2), done.
From https://github.com/brandondey/github.io.data-science
   c06a5b4..9452eb9  master     -> origin/master
There is no tracking information for the current branch.
Please specify which branch you want to merge with.
See git-pull(1) for details.

    git pull <remote> <branch>

If you wish to set tracking information for this branch you can do so with:

    git branch --set-upstream-to=origin/<branch> master

]0;~/Documents/Projects/Data Science/github.io.data-scienceShelbys-MacBook-Air:github.io.data-science brandondey$ git pull origin master[21@branch --set-upstream-to=origin/[C[C[C[C[C[C[C<branch> masterr[A[C[C[C[C[C[C[C[C[C[C[C[C[C[C[C[C[C[C[C[C[C[C[C[C[C[C[C[C[C[C[C[C[C[C[C[C[C[C[C[C[C[C[C[C[C[C[C[C[C[C[C[C[C[C[C[C[C[Cpull[K
[K[A[C[C[C[C[C[C[C[C[C[C[C[C[C[C[C[C[C[C[C[C[C[C[C[C[C[C[C[C[C[C[C[C[C[C[C[C[C[C[C[C[C[C[C[C[C[C[C[C[C[C[C[C[C[C[C[C[C[C[C[C[C[C[Csh -u origin mastercommit -m "initial commit"add .[Kremote add origin https://github.com/brandondeyy/github.io.data-science.git;4D;4D[K[K[K[K[K[K[K[K[K[K[K[K[A[C[C[C[C[C[C[C[C[C[C[C[C[C[C[C[C[C[C[C[C[C[C[C[C[C[C[C[C[C[C[C[C[C[C[C[C[Cadd .[K
[K[A[C[C[C[C[C[C[C[C[C[C[C[C[C[C[C[C[C[C[C[C[C[C[C[C[C[C[C[C[C[C[C[C[C[C[C[C[C[C[C[C[C[C[C[C[C[C[C[C[C[C[C[C[C[C[C[C[C[C[C[C[C[C[C[Ccommit -m "initial commit"[5Ppush -u origin masterll[Kbranch --set-upstream-to=origin/<branch> masterr[A[C[C[C[C[C[C[C[C[C[C[C[C[C[C[C[C[C[C[C[C[C[C[C[C[C[C[C[C[C[C[C[C[C[C[C[C[C[C[C[C[C[C[C[C[C[C[C[C[C[C[C[C[C[C[C[C[C[C[C[C[C[C[C[C[C[C[C[C[C[C[C[C[C[C[C[C[C[C[C[C[C[C[C[C[C[C[C[C[C[C[7P master
[K[A[C[C[C[C[C[C[C[C[C[C[C[C[C[C[C[C[C[C[C[C[C[C[C[C[C[C[C[C[C[C[C[C[C[C[C[C[C[C[C[C[C[C[C[C[C[C[C[C[C[C[C[C[C[C[C[C[C[C[C[C[C[C[C[C[C[C[C[C[C[C[C[C[C[C[C[C[C[C[C[C[C[C[C[C[C[C[C[C[C[C[C[C[C[C[C[C[C[C[21Ppull origin[C[C[C[C[C[C[C[K[Kgit pull https://github.com/brandondey/github.io.d ata-science.git master[K[K[K[K[K[Ki[Korigin
fatal: Couldn't find remote ref origin
]0;~/Documents/Projects/Data Science/github.io.data-scienceShelbys-MacBook-Air:github.io.data-science brandondey$ git pull https://github.com/brandondey/github.io.daata-science.git origin[C[K[K[K[K[K[Kmaster
From https://github.com/brandondey/github.io.data-science
 * branch            master     -> FETCH_HEAD
fatal: refusing to merge unrelated histories
]0;~/Documents/Projects/Data Science/github.io.data-scienceShelbys-MacBook-Air:github.io.data-science brandondey$ git remote add origin https://github.com/brandonde y/github.io.data-science.git
fatal: remote origin already exists.
]0;~/Documents/Projects/Data Science/github.io.data-scienceShelbys-MacBook-Air:github.io.data-science brandondey$ git push -u origin master
Counting objects: 50, done.
Delta compression using up to 4 threads.
Compressing objects:   2% (1/45)   Compressing objects:   4% (2/45)   Compressing objects:   6% (3/45)   Compressing objects:   8% (4/45)   Compressing objects:  11% (5/45)   Compressing objects:  13% (6/45)   Compressing objects:  15% (7/45)   Compressing objects:  17% (8/45)   Compressing objects:  20% (9/45)   Compressing objects:  22% (10/45)   Compressing objects:  24% (11/45)   Compressing objects:  26% (12/45)   Compressing objects:  28% (13/45)   Compressing objects:  31% (14/45)   Compressing objects:  33% (15/45)   Compressing objects:  35% (16/45)   Compressing objects:  37% (17/45)   Compressing objects:  40% (18/45)   Compressing objects:  42% (19/45)   Compressing objects:  44% (20/45)   Compressing objects:  46% (21/45)   Compressing objects:  48% (22/45)   Compressing objects:  51% (23/45)   Compressing objects:  53% (24/45)   Compressing objects:  55% (25/45)   Compressing objects:  57% (26/45)   Compressing objects:  60% (27/45)   Compressing objects:  62% (28/45)   Compressing objects:  64% (29/45)   Compressing objects:  66% (30/45)   Compressing objects:  68% (31/45)   Compressing objects:  71% (32/45)   Compressing objects:  73% (33/45)   Compressing objects:  75% (34/45)   Compressing objects:  77% (35/45)   Compressing objects:  80% (36/45)   Compressing objects:  82% (37/45)   Compressing objects:  84% (38/45)   Compressing objects:  86% (39/45)   Compressing objects:  88% (40/45)   Compressing objects:  91% (41/45)   Compressing objects:  93% (42/45)   Compressing objects:  95% (43/45)   Compressing objects:  97% (44/45)   Compressing objects: 100% (45/45)   Compressing objects: 100% (45/45), done.
Writing objects:   2% (1/50)   Writing objects:   4% (2/50)   Writing objects:   6% (3/50)   Writing objects:   8% (4/50)   Writing objects:  14% (7/50)   Writing objects:  16% (8/50)   Writing objects:  18% (9/50)   Writing objects:  20% (10/50)   Writing objects:  22% (11/50)   Writing objects:  24% (12/50)   Writing objects:  26% (13/50)   Writing objects:  28% (14/50)   Writing objects:  30% (15/50)   Writing objects:  32% (16/50)   Writing objects:  34% (17/50)   Writing objects:  36% (18/50)   Writing objects:  38% (19/50)   Writing objects:  40% (20/50)   Writing objects:  42% (21/50)   Writing objects:  44% (22/50)   Writing objects:  46% (23/50)   Writing objects:  48% (24/50)   Writing objects:  50% (25/50)   Writing objects:  52% (26/50)   Writing objects:  54% (27/50)   Writing objects:  56% (28/50)   Writing objects:  58% (29/50)   Writing objects:  60% (30/50)   Writing objects:  62% (31/50)   Writing objects:  64% (32/50)   Writing objects:  66% (33/50)   Writing objects:  68% (34/50)   Writing objects:  70% (35/50)   Writing objects:  72% (36/50)   Writing objects:  74% (37/50)   Writing objects:  76% (38/50)   Writing objects:  78% (39/50)   Writing objects:  80% (40/50)   Writing objects:  82% (41/50)   Writing objects:  84% (42/50)   Writing objects:  86% (43/50)   Writing objects:  88% (44/50)   Writing objects:  90% (45/50)   Writing objects:  92% (46/50)   Writing objects:  94% (47/50)   Writing objects:  96% (48/50)   Writing objects:  98% (49/50)   Writing objects: 100% (50/50)   Writing objects: 100% (50/50), 438.69 KiB | 3.51 MiB/s, done.
Total 50 (delta 8), reused 0 (delta 0)
remote: Resolving deltas:   0% (0/8)   [Kremote: Resolving deltas:  25% (2/8)   [Kremote: Resolving deltas:  50% (4/8)   [Kremote: Resolving deltas:  75% (6/8)   [Kremote: Resolving deltas:  87% (7/8)   [Kremote: Resolving deltas: 100% (8/8)   [Kremote: Resolving deltas: 100% (8/8), done.[K
To https://github.com/brandondey/github.io.data-science.git
 * [new branch]      master -> master
Branch 'master' set up to track remote branch 'master' from 'origin'.
]0;~/Documents/Projects/Data Science/github.io.data-scienceShelbys-MacBook-Air:github.io.data-science brandondey$ pwd
/Users/brandondey/Documents/Projects/Data Science/github.io.data-science
]0;~/Documents/Projects/Data Science/github.io.data-scienceShelbys-MacBook-Air:github.io.data-science brandondey$ git pull
remote: Counting objects: 3, done.[K
remote: Compressing objects:  33% (1/3)   [Kremote: Compressing objects:  66% (2/3)   [Kremote: Compressing objects: 100% (3/3)   [Kremote: Compressing objects: 100% (3/3), done.[K
remote: Total 3 (delta 2), reused 0 (delta 0), pack-reused 0[K
Unpacking objects:  33% (1/3)   Unpacking objects:  66% (2/3)   Unpacking objects: 100% (3/3)   Unpacking objects: 100% (3/3), done.
From https://github.com/brandondey/github.io.data-science
   5c3433e..45999e9  master     -> origin/master
Updating 5c3433e..45999e9
Fast-forward
 README.md | 4 [32m++[m[31m--[m
 1 file changed, 2 insertions(+), 2 deletions(-)
]0;~/Documents/Projects/Data Science/github.io.data-scienceShelbys-MacBook-Air:github.io.data-science brandondey$ git p[Kadd .
]0;~/Documents/Projects/Data Science/github.io.data-scienceShelbys-MacBook-Air:github.io.data-science brandondey$ git pus[K[K[Kcommit -m "added index to ds"
[master d0c2720] added index to ds
 83 files changed, 29658 insertions(+), 13 deletions(-)
 create mode 100644 .Rproj.user/6E694026/sources/prop/F9F7C856
 rename .Rproj.user/6E694026/sources/s-107955CF/{428B6B63 => C4072852} (54%)
 create mode 100644 .Rproj.user/6E694026/sources/s-107955CF/C4072852-contents
 create mode 100644 .Rproj.user/shared/notebooks/7342B3EA-index/1/6E694026107955CF/chunks.json
 create mode 100644 .Rproj.user/shared/notebooks/7342B3EA-index/1/s/chunks.json
 create mode 100644 index.Rmd
 create mode 100644 index.html
 create mode 100644 site_libs/bootstrap-3.3.5/css/bootstrap-theme.css
 create mode 100644 site_libs/bootstrap-3.3.5/css/bootstrap-theme.css.map
 create mode 100644 site_libs/bootstrap-3.3.5/css/bootstrap-theme.min.css
 create mode 100644 site_libs/bootstrap-3.3.5/css/bootstrap.css
 create mode 100644 site_libs/bootstrap-3.3.5/css/bootstrap.css.map
 create mode 100644 site_libs/bootstrap-3.3.5/css/bootstrap.min.css
 create mode 100644 site_libs/bootstrap-3.3.5/css/cerulean.min.css
 create mode 100644 site_libs/bootstrap-3.3.5/css/cosmo.min.css
 create mode 100644 site_libs/bootstrap-3.3.5/css/flatly.min.css
 create mode 100644 site_libs/bootstrap-3.3.5/css/fonts/Lato.ttf
 create mode 100644 site_libs/bootstrap-3.3.5/css/fonts/LatoBold.ttf
 create mode 100644 site_libs/bootstrap-3.3.5/css/fonts/LatoItalic.ttf
 create mode 100644 site_libs/bootstrap-3.3.5/css/fonts/NewsCycle.ttf
 create mode 100644 site_libs/bootstrap-3.3.5/css/fonts/NewsCycleBold.ttf
 create mode 100644 site_libs/bootstrap-3.3.5/css/fonts/OpenSans.ttf
 create mode 100644 site_libs/bootstrap-3.3.5/css/fonts/OpenSansBold.ttf
 create mode 100644 site_libs/bootstrap-3.3.5/css/fonts/OpenSansBoldItalic.ttf
 create mode 100644 site_libs/bootstrap-3.3.5/css/fonts/OpenSansItalic.ttf
 create mode 100644 site_libs/bootstrap-3.3.5/css/fonts/OpenSansLight.ttf
 create mode 100644 site_libs/bootstrap-3.3.5/css/fonts/OpenSansLightItalic.ttf
 create mode 100644 site_libs/bootstrap-3.3.5/css/fonts/Raleway.ttf
 create mode 100644 site_libs/bootstrap-3.3.5/css/fonts/RalewayBold.ttf
 create mode 100644 site_libs/bootstrap-3.3.5/css/fonts/Roboto.ttf
 create mode 100644 site_libs/bootstrap-3.3.5/css/fonts/RobotoBold.ttf
 create mode 100644 site_libs/bootstrap-3.3.5/css/fonts/RobotoLight.ttf
 create mode 100644 site_libs/bootstrap-3.3.5/css/fonts/RobotoMedium.ttf
 create mode 100644 site_libs/bootstrap-3.3.5/css/fonts/SourceSansPro.ttf
 create mode 100644 site_libs/bootstrap-3.3.5/css/fonts/SourceSansProBold.ttf
 create mode 100644 site_libs/bootstrap-3.3.5/css/fonts/SourceSansProItalic.ttf
 create mode 100644 site_libs/bootstrap-3.3.5/css/fonts/SourceSansProLight.ttf
 create mode 100644 site_libs/bootstrap-3.3.5/css/fonts/Ubuntu.ttf
 create mode 100644 site_libs/bootstrap-3.3.5/css/journal.min.css
 create mode 100644 site_libs/bootstrap-3.3.5/css/lumen.min.css
 create mode 100644 site_libs/bootstrap-3.3.5/css/paper.min.css
 create mode 100644 site_libs/bootstrap-3.3.5/css/readable.min.css
 create mode 100644 site_libs/bootstrap-3.3.5/css/sandstone.min.css
 create mode 100644 site_libs/bootstrap-3.3.5/css/simplex.min.css
 create mode 100644 site_libs/bootstrap-3.3.5/css/spacelab.min.css
 create mode 100644 site_libs/bootstrap-3.3.5/css/united.min.css
 create mode 100644 site_libs/bootstrap-3.3.5/css/yeti.min.css
 create mode 100644 site_libs/bootstrap-3.3.5/fonts/glyphicons-halflings-regular.eot
 create mode 100644 site_libs/bootstrap-3.3.5/fonts/glyphicons-halflings-regular.svg
 create mode 100644 site_libs/bootstrap-3.3.5/fonts/glyphicons-halflings-regular.ttf
 create mode 100644 site_libs/bootstrap-3.3.5/fonts/glyphicons-halflings-regular.woff
 create mode 100644 site_libs/bootstrap-3.3.5/fonts/glyphicons-halflings-regular.woff2
 create mode 100644 site_libs/bootstrap-3.3.5/js/bootstrap.js
 create mode 100644 site_libs/bootstrap-3.3.5/js/bootstrap.min.js
 create mode 100644 site_libs/bootstrap-3.3.5/js/npm.js
 create mode 100644 site_libs/bootstrap-3.3.5/shim/html5shiv.min.js
 create mode 100644 site_libs/bootstrap-3.3.5/shim/respond.min.js
 create mode 100644 site_libs/jquery-1.11.3/jquery.min.js
 create mode 100644 site_libs/jqueryui-1.11.4/README
 create mode 100644 site_libs/jqueryui-1.11.4/images/ui-icons_444444_256x240.png
 create mode 100644 site_libs/jqueryui-1.11.4/images/ui-icons_555555_256x240.png
 create mode 100644 site_libs/jqueryui-1.11.4/images/ui-icons_777620_256x240.png
 create mode 100644 site_libs/jqueryui-1.11.4/images/ui-icons_777777_256x240.png
 create mode 100644 site_libs/jqueryui-1.11.4/images/ui-icons_cc0000_256x240.png
 create mode 100644 site_libs/jqueryui-1.11.4/images/ui-icons_ffffff_256x240.png
 create mode 100644 site_libs/jqueryui-1.11.4/index.html
 create mode 100644 site_libs/jqueryui-1.11.4/jquery-ui.css
 create mode 100644 site_libs/jqueryui-1.11.4/jquery-ui.js
 create mode 100644 site_libs/jqueryui-1.11.4/jquery-ui.min.css
 create mode 100644 site_libs/jqueryui-1.11.4/jquery-ui.min.js
 create mode 100644 site_libs/jqueryui-1.11.4/jquery-ui.structure.css
 create mode 100644 site_libs/jqueryui-1.11.4/jquery-ui.structure.min.css
 create mode 100644 site_libs/jqueryui-1.11.4/jquery-ui.theme.css
 create mode 100644 site_libs/jqueryui-1.11.4/jquery-ui.theme.min.css
 create mode 100644 site_libs/navigation-1.1/codefolding.js
 create mode 100644 site_libs/navigation-1.1/sourceembed.js
 create mode 100644 site_libs/navigation-1.1/tabsets.js
 create mode 100644 site_libs/tocify-1.9.1/jquery.tocify.css
 create mode 100644 site_libs/tocify-1.9.1/jquery.tocify.js
]0;~/Documents/Projects/Data Science/github.io.data-scienceShelbys-MacBook-Air:github.io.data-science brandondey$ git push -u origin master
Counting objects: 106, done.
Delta compression using up to 4 threads.
Compressing objects:   0% (1/102)   Compressing objects:   1% (2/102)   Compressing objects:   2% (3/102)   Compressing objects:   3% (4/102)   Compressing objects:   4% (5/102)   Compressing objects:   5% (6/102)   Compressing objects:   6% (7/102)   Compressing objects:   7% (8/102)   Compressing objects:   8% (9/102)   Compressing objects:   9% (10/102)   Compressing objects:  10% (11/102)   Compressing objects:  11% (12/102)   Compressing objects:  12% (13/102)   Compressing objects:  13% (14/102)   Compressing objects:  14% (15/102)   Compressing objects:  15% (16/102)   Compressing objects:  16% (17/102)   Compressing objects:  17% (18/102)   Compressing objects:  18% (19/102)   Compressing objects:  19% (20/102)   Compressing objects:  20% (21/102)   Compressing objects:  21% (22/102)   Compressing objects:  22% (23/102)   Compressing objects:  23% (24/102)   Compressing objects:  24% (25/102)   Compressing objects:  25% (26/102)   Compressing objects:  26% (27/102)   Compressing objects:  27% (28/102)   Compressing objects:  28% (29/102)   Compressing objects:  29% (30/102)   Compressing objects:  30% (31/102)   Compressing objects:  31% (32/102)   Compressing objects:  32% (33/102)   Compressing objects:  33% (34/102)   Compressing objects:  34% (35/102)   Compressing objects:  35% (36/102)   Compressing objects:  36% (37/102)   Compressing objects:  37% (38/102)   Compressing objects:  38% (39/102)   Compressing objects:  39% (40/102)   Compressing objects:  40% (41/102)   Compressing objects:  41% (42/102)   Compressing objects:  42% (43/102)   Compressing objects:  43% (44/102)   Compressing objects:  44% (45/102)   Compressing objects:  45% (46/102)   Compressing objects:  46% (47/102)   Compressing objects:  47% (48/102)   Compressing objects:  48% (49/102)   Compressing objects:  49% (50/102)   Compressing objects:  50% (51/102)   Compressing objects:  51% (53/102)   Compressing objects:  52% (54/102)   Compressing objects:  53% (55/102)   Compressing objects:  54% (56/102)   Compressing objects:  55% (57/102)   Compressing objects:  56% (58/102)   Compressing objects:  57% (59/102)   Compressing objects:  58% (60/102)   Compressing objects:  59% (61/102)   Compressing objects:  60% (62/102)   Compressing objects:  61% (63/102)   Compressing objects:  62% (64/102)   Compressing objects:  63% (65/102)   Compressing objects:  64% (66/102)   Compressing objects:  65% (67/102)   Compressing objects:  66% (68/102)   Compressing objects:  67% (69/102)   Compressing objects:  68% (70/102)   Compressing objects:  69% (71/102)   Compressing objects:  70% (72/102)   Compressing objects:  71% (73/102)   Compressing objects:  72% (74/102)   Compressing objects:  73% (75/102)   Compressing objects:  74% (76/102)   Compressing objects:  75% (77/102)   Compressing objects:  76% (78/102)   Compressing objects:  77% (79/102)   Compressing objects:  78% (80/102)   Compressing objects:  79% (81/102)   Compressing objects:  80% (82/102)   Compressing objects:  81% (83/102)   Compressing objects:  82% (84/102)   Compressing objects:  83% (85/102)   Compressing objects:  84% (86/102)   Compressing objects:  85% (87/102)   Compressing objects:  86% (88/102)   Compressing objects:  87% (89/102)   Compressing objects:  88% (90/102)   Compressing objects:  89% (91/102)   Compressing objects:  90% (92/102)   Compressing objects:  91% (93/102)   Compressing objects:  92% (94/102)   Compressing objects:  93% (95/102)   Compressing objects:  94% (96/102)   Compressing objects:  95% (97/102)   Compressing objects:  96% (98/102)   Compressing objects:  97% (99/102)   Compressing objects:  98% (100/102)   Compressing objects:  99% (101/102)   Compressing objects: 100% (102/102)   Compressing objects: 100% (102/102), done.
Writing objects:   0% (1/106)   Writing objects:   1% (2/106)   Writing objects:   2% (3/106)   Writing objects:   3% (4/106)   Writing objects:   4% (5/106)   Writing objects:   5% (6/106)   Writing objects:   6% (7/106)   Writing objects:   7% (8/106)   Writing objects:   8% (9/106)   Writing objects:   9% (10/106)   Writing objects:  10% (11/106)   Writing objects:  12% (13/106)   Writing objects:  13% (14/106)   Writing objects:  14% (15/106)   Writing objects:  15% (16/106)   Writing objects:  16% (17/106)   Writing objects:  17% (19/106)   Writing objects:  18% (20/106)   Writing objects:  19% (21/106)   Writing objects:  20% (22/106)   Writing objects:  21% (23/106)   Writing objects:  22% (24/106)   Writing objects:  23% (25/106)   Writing objects:  24% (26/106)   Writing objects:  26% (28/106)   Writing objects:  30% (32/106)   Writing objects:  31% (33/106)   Writing objects:  33% (35/106)   Writing objects:  34% (37/106)   Writing objects:  35% (38/106)   Writing objects:  36% (39/106)   Writing objects:  37% (40/106)   Writing objects:  38% (41/106)   Writing objects:  39% (42/106)   Writing objects:  40% (43/106)   Writing objects:  41% (44/106)   Writing objects:  42% (45/106)   Writing objects:  43% (46/106)   Writing objects:  44% (47/106)   Writing objects:  45% (48/106)   Writing objects:  46% (49/106)   Writing objects:  47% (50/106)   Writing objects:  48% (51/106)   Writing objects:  49% (52/106)   Writing objects:  50% (53/106)   Writing objects:  51% (55/106)   Writing objects:  52% (56/106)   Writing objects:  53% (57/106)   Writing objects:  54% (58/106)   Writing objects:  55% (59/106)   Writing objects:  56% (60/106)   Writing objects:  57% (61/106)   Writing objects:  58% (62/106)   Writing objects:  59% (63/106)   Writing objects:  60% (64/106)   Writing objects:  61% (65/106)   Writing objects:  62% (66/106)   Writing objects:  63% (67/106)   Writing objects:  64% (68/106)   Writing objects:  65% (69/106)   Writing objects:  66% (70/106)   Writing objects:  67% (72/106)   Writing objects:  68% (73/106)   Writing objects:  69% (74/106)   Writing objects:  70% (75/106)   Writing objects:  71% (76/106)   Writing objects:  72% (77/106)   Writing objects:  73% (78/106)   Writing objects:  74% (79/106)   Writing objects:  75% (80/106)   Writing objects:  76% (81/106)   Writing objects:  77% (82/106)   Writing objects:  78% (83/106)   Writing objects:  79% (84/106)   Writing objects:  80% (85/106)   Writing objects:  81% (86/106)   Writing objects:  82% (87/106)   Writing objects:  83% (88/106)   Writing objects:  84% (90/106)   Writing objects:  85% (91/106)   Writing objects:  86% (92/106)   Writing objects:  87% (93/106)   Writing objects:  88% (94/106)   Writing objects:  89% (95/106)   Writing objects:  90% (96/106)   Writing objects:  91% (97/106)   Writing objects:  92% (98/106)   Writing objects:  93% (99/106)   Writing objects:  94% (100/106)   Writing objects:  95% (101/106)   Writing objects:  96% (102/106)   Writing objects:  97% (103/106)   Writing objects:  98% (104/106)   Writing objects:  99% (105/106)   Writing objects: 100% (106/106)   Writing objects: 100% (106/106), 1.06 MiB | 1.01 MiB/s   Writing objects: 100% (106/106), 1.06 MiB | 1.02 MiB/s, done.
Total 106 (delta 23), reused 0 (delta 0)
remote: Resolving deltas:   0% (0/23)   [Kremote: Resolving deltas:   4% (1/23)   [Kremote: Resolving deltas:  60% (14/23)   [Kremote: Resolving deltas:  65% (15/23)   [Kremote: Resolving deltas:  73% (17/23)   [Kremote: Resolving deltas:  82% (19/23)   [Kremote: Resolving deltas:  86% (20/23)   [Kremote: Resolving deltas:  91% (21/23)   [Kremote: Resolving deltas: 100% (23/23)   [Kremote: Resolving deltas: 100% (23/23), completed with 3 local objects.[K
To https://github.com/brandondey/github.io.data-science.git
   45999e9..d0c2720  master -> master
Branch 'master' set up to track remote branch 'master' from 'origin'.
]0;~/Documents/Projects/Data Science/github.io.data-scienceShelbys-MacBook-Air:github.io.data-science brandondey$ git push -u origin mastercommit -m "added index to ds"add .[K
]0;~/Documents/Projects/Data Science/github.io.data-scienceShelbys-MacBook-Air:github.io.data-science brandondey$ git add .push -u origin mastercommit -m "added index to ds"[1P"[1P"[1P"[1P"[1P"[1P"[1P"[1P"[1P"[1P"[1P"[1P"[1P"[1P"[1P"[1P"[1P"a"d"d"[1P"[1P"[1P"c"[1P"u"p"d"a"t"e"d" "l"a"y"o"u"r"[1P"t"
[master 7ac9b9a] updated layout
 9 files changed, 117 insertions(+), 38 deletions(-)
 delete mode 100644 .Rproj.user/6E694026/sources/s-107955CF/C4072852
 delete mode 100644 .Rproj.user/shared/notebooks/7342B3EA-index/1/6E694026107955CF/chunks.json
]0;~/Documents/Projects/Data Science/github.io.data-scienceShelbys-MacBook-Air:github.io.data-science brandondey$ git push -u origin master
Counting objects: 18, done.
Delta compression using up to 4 threads.
Compressing objects:   6% (1/15)   Compressing objects:  13% (2/15)   Compressing objects:  20% (3/15)   Compressing objects:  26% (4/15)   Compressing objects:  33% (5/15)   Compressing objects:  40% (6/15)   Compressing objects:  46% (7/15)   Compressing objects:  53% (8/15)   Compressing objects:  60% (9/15)   Compressing objects:  66% (10/15)   Compressing objects:  73% (11/15)   Compressing objects:  80% (12/15)   Compressing objects:  86% (13/15)   Compressing objects:  93% (14/15)   Compressing objects: 100% (15/15)   Compressing objects: 100% (15/15), done.
Writing objects:   5% (1/18)   Writing objects:  11% (2/18)   Writing objects:  16% (3/18)   Writing objects:  22% (4/18)   Writing objects:  27% (5/18)   Writing objects:  33% (6/18)   Writing objects:  38% (7/18)   Writing objects:  44% (8/18)   Writing objects:  50% (9/18)   Writing objects:  55% (10/18)   Writing objects:  61% (11/18)   Writing objects:  66% (12/18)   Writing objects:  72% (13/18)   Writing objects:  77% (14/18)   Writing objects:  83% (15/18)   Writing objects:  88% (16/18)   Writing objects:  94% (17/18)   Writing objects: 100% (18/18)   Writing objects: 100% (18/18), 3.55 KiB | 910.00 KiB/s, done.
Total 18 (delta 7), reused 0 (delta 0)
remote: Resolving deltas:   0% (0/7)   [Kremote: Resolving deltas:  14% (1/7)   [Kremote: Resolving deltas:  28% (2/7)   [Kremote: Resolving deltas:  42% (3/7)   [Kremote: Resolving deltas:  57% (4/7)   [Kremote: Resolving deltas:  71% (5/7)   [Kremote: Resolving deltas:  85% (6/7)   [Kremote: Resolving deltas: 100% (7/7)   [Kremote: Resolving deltas: 100% (7/7), completed with 7 local objects.[K
remote: This repository moved. Please use the new location:[K
remote:   https://github.com/brandondey/data-science.git[K
To https://github.com/brandondey/github.io.data-science.git
   d0c2720..7ac9b9a  master -> master
Branch 'master' set up to track remote branch 'master' from 'origin'.
]0;~/Documents/Projects/Data Science/github.io.data-scienceShelbys-MacBook-Air:github.io.data-science brandondey$ [KShelbys-MacBook-Air:github.io.data-science brandondey$ [KShelbys-MacBook-Air:github.io.data-science brandondey$ git push -u origin mastercommit -m "updated layout"add .[K
]0;~/Documents/Projects/Data Science/github.io.data-scienceShelbys-MacBook-Air:github.io.data-science brandondey$ git add .push -u origin mastercommit -m "updated layout"
[master 4f82a47] updated layout
 9 files changed, 467 insertions(+), 274 deletions(-)
 rename .Rproj.user/6E694026/sources/s-107955CF/{D7D1C193 => 5213B7B1} (52%)
 create mode 100644 .Rproj.user/6E694026/sources/s-107955CF/5213B7B1-contents
 create mode 100644 .Rproj.user/6E694026/sources/s-107955CF/E18895D4
 create mode 100644 .Rproj.user/6E694026/sources/s-107955CF/E18895D4-contents
 rewrite ds.html (99%)
 create mode 100644 ds_files/figure-html/pressure-1.png
]0;~/Documents/Projects/Data Science/github.io.data-scienceShelbys-MacBook-Air:github.io.data-science brandondey$ git commit -m "updated layout"add .[Kpush -u origin master
Counting objects: 19, done.
Delta compression using up to 4 threads.
Compressing objects:   6% (1/16)   Compressing objects:  12% (2/16)   Compressing objects:  18% (3/16)   Compressing objects:  25% (4/16)   Compressing objects:  31% (5/16)   Compressing objects:  37% (6/16)   Compressing objects:  43% (7/16)   Compressing objects:  50% (8/16)   Compressing objects:  56% (9/16)   Compressing objects:  62% (10/16)   Compressing objects:  68% (11/16)   Compressing objects:  75% (12/16)   Compressing objects:  81% (13/16)   Compressing objects:  87% (14/16)   Compressing objects:  93% (15/16)   Compressing objects: 100% (16/16)   Compressing objects: 100% (16/16), done.
Writing objects:   5% (1/19)   Writing objects:  10% (2/19)   Writing objects:  15% (3/19)   Writing objects:  21% (4/19)   Writing objects:  26% (5/19)   Writing objects:  31% (6/19)   Writing objects:  36% (7/19)   Writing objects:  42% (8/19)   Writing objects:  47% (9/19)   Writing objects:  52% (10/19)   Writing objects:  63% (12/19)   Writing objects:  68% (13/19)   Writing objects:  73% (14/19)   Writing objects:  78% (15/19)   Writing objects:  84% (16/19)   Writing objects:  89% (17/19)   Writing objects:  94% (18/19)   Writing objects: 100% (19/19)   Writing objects: 100% (19/19), 44.34 KiB | 796.00 KiB/s, done.
Total 19 (delta 6), reused 0 (delta 0)
remote: Resolving deltas:   0% (0/6)   [Kremote: Resolving deltas:  16% (1/6)   [Kremote: Resolving deltas:  33% (2/6)   [Kremote: Resolving deltas:  50% (3/6)   [Kremote: Resolving deltas:  66% (4/6)   [Kremote: Resolving deltas:  83% (5/6)   [Kremote: Resolving deltas: 100% (6/6)   [Kremote: Resolving deltas: 100% (6/6), completed with 5 local objects.[K
remote: This repository moved. Please use the new location:[K
remote:   https://github.com/brandondey/data-science.git[K
To https://github.com/brandondey/github.io.data-science.git
   7ac9b9a..4f82a47  master -> master
Branch 'master' set up to track remote branch 'master' from 'origin'.
]0;~/Documents/Projects/Data Science/github.io.data-scienceShelbys-MacBook-Air:github.io.data-science brandondey$ 