]0;~/Documents/Projects/Data Science/github.io.data-science[?1034hShelbys-MacBook-Air:github.io.data-science brandondey$ pwd
/Users/brandondey/Documents/Projects/Data Science/github.io.data-science
]0;~/Documents/Projects/Data Science/github.io.data-scienceShelbys-MacBook-Air:github.io.data-science brandondey$ git init
Initialized empty Git repository in /Users/brandondey/Documents/Projects/Data Science/github.io.data-science/.git/
]0;~/Documents/Projects/Data Science/github.io.data-scienceShelbys-MacBook-Air:github.io.data-science brandondey$ git push[K[K[K[Kadd .
]0;~/Documents/Projects/Data Science/github.io.data-scienceShelbys-MacBook-Air:github.io.data-science brandondey$ git [K[K[K[Kgit commit -m '[K"initial commit"
[master (root-commit) fdf8f49] initial commit
 23 files changed, 550 insertions(+)
 create mode 100644 .DS_Store
 create mode 100644 .Rproj.user/6E694026/console06/B746EBDC
 create mode 100644 .Rproj.user/6E694026/console06/B746EBDC.env
 create mode 100644 .Rproj.user/6E694026/console06/INDEX001
 create mode 100644 .Rproj.user/6E694026/sources/prop/3135BC67
 create mode 100644 .Rproj.user/6E694026/sources/prop/8FBC2FFA
 create mode 100644 .Rproj.user/6E694026/sources/prop/INDEX
 create mode 100644 .Rproj.user/6E694026/sources/s-107955CF/B76D0F83-contents
 create mode 100644 .Rproj.user/6E694026/sources/s-107955CF/D7D1C193
 create mode 100644 .Rproj.user/6E694026/sources/s-107955CF/D7D1C193-contents
 create mode 100644 .Rproj.user/6E694026/sources/s-107955CF/lock_file
 create mode 100644 .Rproj.user/shared/notebooks/C41FE875-ds/1/s/chunks.json
 create mode 100644 .Rproj.user/shared/notebooks/patch-chunk-names
 create mode 100644 .Rproj.user/shared/notebooks/paths
 create mode 100644 README.md
 create mode 100644 _site.yml
 create mode 100644 css/.DS_Store
 create mode 100644 css/fonts/.DS_Store
 create mode 100644 css/fonts/SCRIPTIN.ttf
 create mode 100644 css/style.css
 create mode 100644 ds.Rmd
 create mode 100644 ds.html
 create mode 100644 github.io.data-science.Rproj
]0;~/Documents/Projects/Data Science/github.io.data-scienceShelbys-MacBook-Air:github.io.data-science brandondey$ git push - u[K[Ku origin master
fatal: 'origin' does not appear to be a git repository
fatal: Could not read from remote repository.

Please make sure you have the correct access rights
and the repository exists.
]0;~/Documents/Projects/Data Science/github.io.data-scienceShelbys-MacBook-Air:github.io.data-science brandondey$ git init https://github.com/brandondey/github.io.d ata-science.git
Initialized empty Git repository in /Users/brandondey/Documents/Projects/Data Science/github.io.data-science/https:/github.com/brandondey/github.io.data-science.git/.git/
]0;~/Documents/Projects/Data Science/github.io.data-scienceShelbys-MacBook-Air:github.io.data-science brandondey$ git add .
]0;~/Documents/Projects/Data Science/github.io.data-scienceShelbys-MacBook-Air:github.io.data-science brandondey$ git commit -m "initial commit"
[master 5f13536] initial commit
 1 file changed, 35 insertions(+)
]0;~/Documents/Projects/Data Science/github.io.data-scienceShelbys-MacBook-Air:github.io.data-science brandondey$ git push -u origin master
fatal: 'origin' does not appear to be a git repository
fatal: Could not read from remote repository.

Please make sure you have the correct access rights
and the repository exists.
]0;~/Documents/Projects/Data Science/github.io.data-scienceShelbys-MacBook-Air:github.io.data-science brandondey$ git remote add origin https://github.com/brandonde y/github.io.data-science.git
]0;~/Documents/Projects/Data Science/github.io.data-scienceShelbys-MacBook-Air:github.io.data-science brandondey$ git push -u origin master
To https://github.com/brandondey/github.io.data-science.git
 ! [rejected]        master -> master (fetch first)
error: failed to push some refs to 'https://github.com/brandondey/github.io.data-science.git'
hint: Updates were rejected because the remote contains work that you do
hint: not have locally. This is usually caused by another repository pushing
hint: to the same ref. You may want to first integrate the remote changes
hint: (e.g., 'git pull ...') before pushing again.
hint: See the 'Note about fast-forwards' in 'git push --help' for details.
]0;~/Documents/Projects/Data Science/github.io.data-scienceShelbys-MacBook-Air:github.io.data-science brandondey$ git pull
warning: no common commits
remote: Counting objects: 3, done.[K
remote: Compressing objects:  50% (1/2)   [Kremote: Compressing objects: 100% (2/2)   [Kremote: Compressing objects: 100% (2/2), done.[K
remote: Total 3 (delta 0), reused 0 (delta 0), pack-reused 0[K
Unpacking objects:  33% (1/3)   Unpacking objects:  66% (2/3)   Unpacking objects: 100% (3/3)   Unpacking objects: 100% (3/3), done.
From https://github.com/brandondey/github.io.data-science
 * [new branch]      master     -> origin/master
There is no tracking information for the current branch.
Please specify which branch you want to merge with.
See git-pull(1) for details.

    git pull <remote> <branch>

If you wish to set tracking information for this branch you can do so with:

    git branch --set-upstream-to=origin/<branch> master

]0;~/Documents/Projects/Data Science/github.io.data-scienceShelbys-MacBook-Air:github.io.data-science brandondey$ git pullsh -u origin master
To https://github.com/brandondey/github.io.data-science.git
 ! [rejected]        master -> master (non-fast-forward)
error: failed to push some refs to 'https://github.com/brandondey/github.io.data-science.git'
hint: Updates were rejected because the tip of your current branch is behind
hint: its remote counterpart. Integrate the remote changes (e.g.
hint: 'git pull ...') before pushing again.
hint: See the 'Note about fast-forwards' in 'git push --help' for details.
]0;~/Documents/Projects/Data Science/github.io.data-scienceShelbys-MacBook-Air:github.io.data-science brandondey$ git push -u origin masterll[Ksh -u origin masterremote add origin https://github.com/brandondeyy/github.io.data-science.git
fatal: remote origin already exists.
]0;~/Documents/Projects/Data Science/github.io.data-scienceShelbys-MacBook-Air:github.io.data-science brandondey$ git remote add origin https://github.com/brandondeyy/github.io.data-science.git[A[C[C[C[C[C[C[C[C[C[C[C[C[C[C[C[C[C[C[C[C[C[C[C[C[C[C[C[C[C[C[C[25Ppush -u origin master
[K[A[C[C[C[C[C[C[C[C[C[C[C[C[C[C[C[C[C[C[C[C[C[C[C[C[C[C[C[C[C[C[C[C[C[C[C[C[C[C[C[C[C[C[C[C[C[C[C[C[C[C[C[C[C[C[C[C[C[C[C[C[C[C[C[C[C[C[C[C[C[C[C[C[C[C[C[C[C[C[C[C[K[K[K[K[K[K[K[K[K[K[K[K[K[K[K[K[K[K[K[K[K[Ka[K add .